

User Access Verification

Password: 
Password: 
COREtaas-21>sh ip int br
Interface              IP-Address      OK? Method Status                Protocol
Vlan1                  10.21.1.2       YES manual up                    up      
Vlan10                 10.21.10.2      YES manual down                  down    
Vlan50                 10.21.50.2      YES manual down                  down    
Vlan100                10.21.100.2     YES manual down                  down    
FastEthernet0/1        unassigned      YES unset  down                  down    
FastEthernet0/2        unassigned      YES unset  down                  down    
FastEthernet0/3        unassigned      YES unset  down                  down    
FastEthernet0/4        unassigned      YES unset  down                  down    
FastEthernet0/5        unassigned      YES unset  down                  down    
FastEthernet0/6        unassigned      YES unset  down                  down    
FastEthernet0/7        unassigned      YES unset  down                  down    
FastEthernet0/8        unassigned      YES unset  down                  down    
FastEthernet0/9        unassigned      YES unset  down                  down    
FastEthernet0/10       unassigned      YES unset  up                    up      
FastEthernet0/11       unassigned      YES unset  up                    up      
FastEthernet0/12       unassigned      YES unset  up                    up      
GigabitEthernet0/1     unassigned      YES unset  down                  down    
COREtaas-21>
COREtaas-21>
COREtaas-21>
COREtaas-21>copy run start
              ^
% Invalid input detected at '^' marker.

COREtaas-21>en
Password: 
COREtaas-21#copy run start
Destination filename [startup-config]? 
Building configuration...
[OK]
COREtaas-21#sh run
Building configuration...

Current configuration : 1660 bytes
!
! Last configuration change at 02:53:01 UTC Mon Mar 1 1993
!
version 15.0
no service pad
service timestamps debug datetime msec
service timestamps log datetime msec
service password-encryption
!
hostname COREtaas-21
!
boot-start-marker
boot-end-marker
!
!
no logging console
enable secret 5 $1$2jMW$0rWAePcGFO2QueVxzYUSY/
!
no aaa new-model
system mtu routing 1500
no ip domain-lookup
!
!
!
!
!
!
!
!
!
!
!
spanning-tree mode pvst
spanning-tree extend system-id
!
vlan internal allocation policy ascending
!
!
! 
!
!
!
!
!         
!
!
!
!
!
!
!
interface FastEthernet0/1
!
interface FastEthernet0/2
!
interface FastEthernet0/3
!
interface FastEthernet0/4
!
interface FastEthernet0/5
!
interface FastEthernet0/6
!
interface FastEthernet0/7
!
interface FastEthernet0/8
!
interface FastEthernet0/9
!
interface FastEthernet0/10
 switchport trunk encapsulation dot1q
 switchport mode trunk
!
interface FastEthernet0/11
 switchport trunk encapsulation dot1q
 switchport mode trunk
!
interface FastEthernet0/12
 switchport trunk encapsulation dot1q
 switchport mode trunk
!
interface GigabitEthernet0/1
!
interface Vlan1
 description MGMTDATA
 ip address 10.21.1.2 255.255.255.0
!
interface Vlan10
 description WIRELESS
 ip address 10.21.10.2 255.255.255.0
!
interface Vlan50
 description IPCCTV
 ip address 10.21.50.2 255.255.255.0
!
interface Vlan100
 description VOICEVLAN
 ip address 10.21.100.2 255.255.255.0
!
ip http server
ip http secure-server
!
!
!
!
!
!
line con 0
 exec-timeout 0 0
 password 7 1209040401
 login
line vty 0 4
 exec-timeout 0 0
 password 7 051B071C32
 login
line vty 5 14
 exec-timeout 0 0
 password 7 051B071C32
 login
line vty 15
 login
!
end

COREtaas-21#